../manual1/control1.c:27:6:delay_ms	0	static
../manual1/control1.c:37:11:Tri_Function	16	static
../manual1/control1.c:76:10:ADC_AverageValue	4	static
../manual1/control1.c:100:10:Update_Current_Offset	48	static
../manual1/control1.c:157:10:Get_Phase_Currents	0	static
../manual1/control1.c:167:10:Clarke	0	static
../manual1/control1.c:177:10:Park	12	static
../manual1/control1.c:189:10:Rev_Park	32	static
../manual1/control1.c:212:6:CALC_SVPWM	8	static
../manual1/control1.c:264:6:PID_Init	16	static
../manual1/control1.c:311:9:PID_Regulator	16	static
../manual1/control1.c:346:9:Qinner	16	static
